GET,1228,1617562290.328609
GET,5,1617562293.537613
GET,4,1617562298.551003
GET,4,1617562311.454825
POST,1462,1617562342.330092
PUT,16,1617562362.559381
PUT,1589,1617562374.285797
DELETE,2732,1617562409.253035
GET,2,1617562425.716993
PUT,2891,1617562438.876525
PUT,1866,1617562444.983576
